59          | 0000000000000001 | 94287082 | SHA-1
59          | 0000000000000001 | 46119246 | SHA-256
59          | 0000000000000001 | 90693936 | SHA-512
1111111109  | 00000000023523EC | 07081804 | SHA-1
1111111109  | 00000000023523EC | 68084774 | SHA-256
1111111109  | 00000000023523EC | 25091201 | SHA-512
1111111111  | 00000000023523ED | 14050471 | SHA-1
1111111111  | 00000000023523ED | 67062674 | SHA-256
1111111111  | 00000000023523ED | 99943326 | SHA-512
1234567890  | 000000000273EF07 | 89005924 | SHA-1
1234567890  | 000000000273EF07 | 91819424 | SHA-256
1234567890  | 000000000273EF07 | 93441116 | SHA-512
2000000000  | 0000000003F940AA | 69279037 | SHA-1
2000000000  | 0000000003F940AA | 90698825 | SHA-256
2000000000  | 0000000003F940AA | 38618901 | SHA-512
20000000000 | 0000000027BC86AA | 65353130 | SHA-1
20000000000 | 0000000027BC86AA | 77737706 | SHA-256
20000000000 | 0000000027BC86AA | 47863826 | SHA-512
